// Jest Snapshot v1, https://goo.gl/fbAQLP

exports[`extractFromAWSDocs should extract entities according to the given conditions 1`] = `
[
  {
    "content": "**Note**
This is a note.",
    "header": "Section 1",
    "map": [
      4,
      6,
    ],
  },
  {
    "content": "**Note**",
    "header": "Section 2",
    "map": [
      11,
      12,
    ],
  },
]
`;
