// Jest Snapshot v1, https://goo.gl/fbAQLP

exports[`extractFromAWSDocs should extract entities according to the given conditions 1`] = `
[
  {
    "content": "This is a paragraph following the second note:",
    "header": "Section 2",
    "position": {
      "end": {
        "column": 1,
        "line": 14,
        "offset": 13,
      },
      "indent": 0,
      "start": {
        "column": 1,
        "line": 14,
        "offset": 13,
      },
    },
  },
]
`;
