// Jest Snapshot v1, https://goo.gl/fbAQLP

exports[`proto extract 1`] = `
[
  Token {
    "attrs": null,
    "block": true,
    "children": null,
    "content": "",
    "hidden": false,
    "info": "",
    "level": 0,
    "map": [
      0,
      1,
    ],
    "markup": "#",
    "meta": null,
    "nesting": 1,
    "tag": "h1",
    "type": "heading_open",
  },
  Token {
    "attrs": null,
    "block": true,
    "children": [
      Token {
        "attrs": null,
        "block": false,
        "children": null,
        "content": "Header 1",
        "hidden": false,
        "info": "",
        "level": 0,
        "map": null,
        "markup": "",
        "meta": null,
        "nesting": 0,
        "tag": "",
        "type": "text",
      },
    ],
    "content": "Header 1",
    "hidden": false,
    "info": "",
    "level": 1,
    "map": [
      0,
      1,
    ],
    "markup": "",
    "meta": null,
    "nesting": 0,
    "tag": "",
    "type": "inline",
  },
  Token {
    "attrs": null,
    "block": true,
    "children": null,
    "content": "",
    "hidden": false,
    "info": "",
    "level": 0,
    "map": null,
    "markup": "#",
    "meta": null,
    "nesting": -1,
    "tag": "h1",
    "type": "heading_close",
  },
  Token {
    "attrs": null,
    "block": true,
    "children": null,
    "content": "",
    "hidden": false,
    "info": "",
    "level": 0,
    "map": [
      2,
      3,
    ],
    "markup": "",
    "meta": null,
    "nesting": 1,
    "tag": "p",
    "type": "paragraph_open",
  },
  Token {
    "attrs": null,
    "block": true,
    "children": [
      Token {
        "attrs": null,
        "block": false,
        "children": null,
        "content": "This is a ",
        "hidden": false,
        "info": "",
        "level": 0,
        "map": null,
        "markup": "",
        "meta": null,
        "nesting": 0,
        "tag": "",
        "type": "text",
      },
      Token {
        "attrs": null,
        "block": false,
        "children": null,
        "content": "",
        "hidden": false,
        "info": "",
        "level": 0,
        "map": null,
        "markup": "*",
        "meta": null,
        "nesting": 1,
        "tag": "em",
        "type": "em_open",
      },
      Token {
        "attrs": null,
        "block": false,
        "children": null,
        "content": "sample",
        "hidden": false,
        "info": "",
        "level": 1,
        "map": null,
        "markup": "",
        "meta": null,
        "nesting": 0,
        "tag": "",
        "type": "text",
      },
      Token {
        "attrs": null,
        "block": false,
        "children": null,
        "content": "",
        "hidden": false,
        "info": "",
        "level": 0,
        "map": null,
        "markup": "*",
        "meta": null,
        "nesting": -1,
        "tag": "em",
        "type": "em_close",
      },
      Token {
        "attrs": null,
        "block": false,
        "children": null,
        "content": " paragraph with ",
        "hidden": false,
        "info": "",
        "level": 0,
        "map": null,
        "markup": "",
        "meta": null,
        "nesting": 0,
        "tag": "",
        "type": "text",
      },
      Token {
        "attrs": null,
        "block": false,
        "children": null,
        "content": "",
        "hidden": false,
        "info": "",
        "level": 0,
        "map": null,
        "markup": "_",
        "meta": null,
        "nesting": 1,
        "tag": "em",
        "type": "em_open",
      },
      Token {
        "attrs": null,
        "block": false,
        "children": null,
        "content": "emphasized",
        "hidden": false,
        "info": "",
        "level": 1,
        "map": null,
        "markup": "",
        "meta": null,
        "nesting": 0,
        "tag": "",
        "type": "text",
      },
      Token {
        "attrs": null,
        "block": false,
        "children": null,
        "content": "",
        "hidden": false,
        "info": "",
        "level": 0,
        "map": null,
        "markup": "_",
        "meta": null,
        "nesting": -1,
        "tag": "em",
        "type": "em_close",
      },
      Token {
        "attrs": null,
        "block": false,
        "children": null,
        "content": " text.",
        "hidden": false,
        "info": "",
        "level": 0,
        "map": null,
        "markup": "",
        "meta": null,
        "nesting": 0,
        "tag": "",
        "type": "text",
      },
    ],
    "content": "This is a *sample* paragraph with _emphasized_ text.",
    "hidden": false,
    "info": "",
    "level": 1,
    "map": [
      2,
      3,
    ],
    "markup": "",
    "meta": null,
    "nesting": 0,
    "tag": "",
    "type": "inline",
  },
  Token {
    "attrs": null,
    "block": true,
    "children": null,
    "content": "",
    "hidden": false,
    "info": "",
    "level": 0,
    "map": null,
    "markup": "",
    "meta": null,
    "nesting": -1,
    "tag": "p",
    "type": "paragraph_close",
  },
  Token {
    "attrs": null,
    "block": true,
    "children": null,
    "content": "",
    "hidden": false,
    "info": "",
    "level": 0,
    "map": [
      4,
      5,
    ],
    "markup": "##",
    "meta": null,
    "nesting": 1,
    "tag": "h2",
    "type": "heading_open",
  },
  Token {
    "attrs": null,
    "block": true,
    "children": [
      Token {
        "attrs": null,
        "block": false,
        "children": null,
        "content": "Header 2",
        "hidden": false,
        "info": "",
        "level": 0,
        "map": null,
        "markup": "",
        "meta": null,
        "nesting": 0,
        "tag": "",
        "type": "text",
      },
    ],
    "content": "Header 2",
    "hidden": false,
    "info": "",
    "level": 1,
    "map": [
      4,
      5,
    ],
    "markup": "",
    "meta": null,
    "nesting": 0,
    "tag": "",
    "type": "inline",
  },
  Token {
    "attrs": null,
    "block": true,
    "children": null,
    "content": "",
    "hidden": false,
    "info": "",
    "level": 0,
    "map": null,
    "markup": "##",
    "meta": null,
    "nesting": -1,
    "tag": "h2",
    "type": "heading_close",
  },
  Token {
    "attrs": null,
    "block": true,
    "children": null,
    "content": "",
    "hidden": false,
    "info": "",
    "level": 0,
    "map": [
      6,
      7,
    ],
    "markup": "",
    "meta": null,
    "nesting": 1,
    "tag": "p",
    "type": "paragraph_open",
  },
  Token {
    "attrs": null,
    "block": true,
    "children": [
      Token {
        "attrs": null,
        "block": false,
        "children": null,
        "content": "Another paragraph with ",
        "hidden": false,
        "info": "",
        "level": 0,
        "map": null,
        "markup": "",
        "meta": null,
        "nesting": 0,
        "tag": "",
        "type": "text",
      },
      Token {
        "attrs": null,
        "block": false,
        "children": null,
        "content": "",
        "hidden": false,
        "info": "",
        "level": 0,
        "map": null,
        "markup": "*",
        "meta": null,
        "nesting": 1,
        "tag": "em",
        "type": "em_open",
      },
      Token {
        "attrs": null,
        "block": false,
        "children": null,
        "content": "more emphasized",
        "hidden": false,
        "info": "",
        "level": 1,
        "map": null,
        "markup": "",
        "meta": null,
        "nesting": 0,
        "tag": "",
        "type": "text",
      },
      Token {
        "attrs": null,
        "block": false,
        "children": null,
        "content": "",
        "hidden": false,
        "info": "",
        "level": 0,
        "map": null,
        "markup": "*",
        "meta": null,
        "nesting": -1,
        "tag": "em",
        "type": "em_close",
      },
      Token {
        "attrs": null,
        "block": false,
        "children": null,
        "content": " text.",
        "hidden": false,
        "info": "",
        "level": 0,
        "map": null,
        "markup": "",
        "meta": null,
        "nesting": 0,
        "tag": "",
        "type": "text",
      },
    ],
    "content": "Another paragraph with *more emphasized* text.",
    "hidden": false,
    "info": "",
    "level": 1,
    "map": [
      6,
      7,
    ],
    "markup": "",
    "meta": null,
    "nesting": 0,
    "tag": "",
    "type": "inline",
  },
  Token {
    "attrs": null,
    "block": true,
    "children": null,
    "content": "",
    "hidden": false,
    "info": "",
    "level": 0,
    "map": null,
    "markup": "",
    "meta": null,
    "nesting": -1,
    "tag": "p",
    "type": "paragraph_close",
  },
]
`;
